// Jest Snapshot v1, https://goo.gl/fbAQLP

exports[`<HeaderImage/> component renders correctly 1`] = `
<div
  className="Header flex justify-center row"
  data-testid="header-image-block"
>
  <div
    className="col-sm-12 col-md-6 m-auto col"
  >
    <div
      center="true"
      className="media"
    >
      <img
        alt="bar"
        className="media-object"
        data-src="foo.png"
      />
    </div>
  </div>
</div>
`;
